Connecting to database specified by database.yml
  [1m[36m (1.0ms)[0m  [1mbegin transaction[0m
  [1m[35m (0.0ms)[0m  rollback transaction
Connecting to database specified by database.yml
  [1m[36m (1.0ms)[0m  [1mbegin transaction[0m
Started GET "/ideas" for 127.0.0.1 at 2013-11-17 00:18:32 +0530
Processing by IdeasController#index as HTML
  [1m[35mIdea Load (1.0ms)[0m  SELECT "ideas".* FROM "ideas" 
  Rendered ideas/index.html.erb within layouts/application (13.0ms)
Completed 200 OK in 111ms (Views: 98.0ms | ActiveRecord: 10.0ms)
  [1m[36m (0.0ms)[0m  [1mrollback transaction[0m
Connecting to database specified by database.yml
  [1m[36m (1.0ms)[0m  [1mbegin transaction[0m
Started GET "/ideas" for 127.0.0.1 at 2013-11-17 00:19:44 +0530
Processing by IdeasController#index as HTML
  [1m[35mIdea Load (0.0ms)[0m  SELECT "ideas".* FROM "ideas" 
  Rendered ideas/index.html.erb within layouts/application (12.0ms)
Completed 200 OK in 108ms (Views: 96.0ms | ActiveRecord: 9.0ms)
  [1m[36m (0.0ms)[0m  [1mrollback transaction[0m
Connecting to database specified by database.yml
  [1m[36m (1.0ms)[0m  [1mbegin transaction[0m
  [1m[35m (0.0ms)[0m  rollback transaction
Connecting to database specified by database.yml
  [1m[36m (1.0ms)[0m  [1mbegin transaction[0m
  [1m[35m (0.0ms)[0m  rollback transaction
Connecting to database specified by database.yml
  [1m[36m (1.0ms)[0m  [1mbegin transaction[0m
Started GET "/ideas/1" for 127.0.0.1 at 2013-11-17 00:51:47 +0530
Processing by IdeasController#show as HTML
  Parameters: {"id"=>"1"}
  [1m[35mIdea Load (0.0ms)[0m  SELECT "ideas".* FROM "ideas" WHERE "ideas"."id" = ? LIMIT 1  [["id", "1"]]
Completed 404 Not Found in 18ms
  [1m[36m (0.0ms)[0m  [1mrollback transaction[0m
Connecting to database specified by database.yml
  [1m[36m (1.0ms)[0m  [1mbegin transaction[0m
Started GET "/ideas/1" for 127.0.0.1 at 2013-11-17 00:53:00 +0530
Processing by IdeasController#show as HTML
  Parameters: {"id"=>"1"}
  [1m[35mIdea Load (0.0ms)[0m  SELECT "ideas".* FROM "ideas" WHERE "ideas"."id" = ? LIMIT 1  [["id", "1"]]
Completed 404 Not Found in 17ms
  [1m[36m (0.0ms)[0m  [1mrollback transaction[0m
Connecting to database specified by database.yml
  [1m[36m (1.0ms)[0m  [1mbegin transaction[0m
  [1m[35m (0.0ms)[0m  rollback transaction
Connecting to database specified by database.yml
  [1m[36m (1.0ms)[0m  [1mbegin transaction[0m
  [1m[35m (0.0ms)[0m  rollback transaction
Connecting to database specified by database.yml
  [1m[36m (1.0ms)[0m  [1mbegin transaction[0m
  [1m[35m (0.0ms)[0m  rollback transaction
Connecting to database specified by database.yml
  [1m[36m (1.0ms)[0m  [1mbegin transaction[0m
  [1m[35m (0.0ms)[0m  rollback transaction
Connecting to database specified by database.yml
  [1m[36m (1.0ms)[0m  [1mbegin transaction[0m
  [1m[35m (0.0ms)[0m  rollback transaction
Connecting to database specified by database.yml
  [1m[36m (1.0ms)[0m  [1mbegin transaction[0m
  [1m[35m (0.0ms)[0m  rollback transaction
Connecting to database specified by database.yml
  [1m[36m (1.0ms)[0m  [1mbegin transaction[0m
Started GET "/ideas/1" for 127.0.0.1 at 2013-11-17 01:33:56 +0530
Processing by IdeasController#show as HTML
  Parameters: {"id"=>"1"}
  [1m[35mIdea Load (0.0ms)[0m  SELECT "ideas".* FROM "ideas" WHERE "ideas"."id" = ? LIMIT 1  [["id", "1"]]
Completed 404 Not Found in 16ms
  [1m[36m (0.0ms)[0m  [1mrollback transaction[0m
Connecting to database specified by database.yml
  [1m[36m (1.0ms)[0m  [1mbegin transaction[0m
  [1m[35m (0.0ms)[0m  rollback transaction
Connecting to database specified by database.yml
  [1m[36m (1.0ms)[0m  [1mbegin transaction[0m
  [1m[35m (1.0ms)[0m  rollback transaction
Connecting to database specified by database.yml
  [1m[36m (1.0ms)[0m  [1mbegin transaction[0m
Started GET "/ideas/1" for 127.0.0.1 at 2013-11-17 01:51:34 +0530
Processing by IdeasController#show as HTML
  Parameters: {"id"=>"1"}
  [1m[35mIdea Load (0.0ms)[0m  SELECT "ideas".* FROM "ideas" WHERE "ideas"."id" = ? LIMIT 1  [["id", "1"]]
Completed 404 Not Found in 17ms
  [1m[36m (0.0ms)[0m  [1mrollback transaction[0m
Connecting to database specified by database.yml
  [1m[36m (1.0ms)[0m  [1mbegin transaction[0m
  [1m[35m (0.0ms)[0m  rollback transaction
Connecting to database specified by database.yml
  [1m[36m (1.0ms)[0m  [1mbegin transaction[0m
Started GET "/ideas/1" for 127.0.0.1 at 2013-11-17 02:04:24 +0530
Processing by IdeasController#show as HTML
  Parameters: {"id"=>"1"}
  [1m[35mIdea Load (0.0ms)[0m  SELECT "ideas".* FROM "ideas" WHERE "ideas"."id" = ? LIMIT 1  [["id", "1"]]
Completed 404 Not Found in 17ms
  [1m[36m (0.0ms)[0m  [1mrollback transaction[0m
Connecting to database specified by database.yml
  [1m[36m (1.0ms)[0m  [1mbegin transaction[0m
  [1m[35m (1.0ms)[0m  rollback transaction
Connecting to database specified by database.yml
  [1m[36m (1.0ms)[0m  [1mbegin transaction[0m
  [1m[35m (0.0ms)[0m  rollback transaction
Connecting to database specified by database.yml
  [1m[36m (1.0ms)[0m  [1mbegin transaction[0m
Connecting to database specified by database.yml
Connecting to database specified by database.yml
Connecting to database specified by database.yml
  [1m[36m (1.0ms)[0m  [1mbegin transaction[0m
  [1m[35m (0.0ms)[0m  rollback transaction
Connecting to database specified by database.yml
  [1m[36m (1.0ms)[0m  [1mbegin transaction[0m
Connecting to database specified by database.yml
  [1m[36m (1.0ms)[0m  [1mbegin transaction[0m
  [1m[35m (0.0ms)[0m  rollback transaction
Connecting to database specified by database.yml
  [1m[36m (2.0ms)[0m  [1mbegin transaction[0m
  [1m[35m (0.0ms)[0m  rollback transaction
